==39277== Memcheck, a memory error detector
==39277== Copyright (C) 2002-2022, and GNU GPL'd, by Julian Seward et al.
==39277== Using Valgrind-3.22.0 and LibVEX; rerun with -h for copyright info
==39277== Command: ./minishell
==39277== Parent PID: 39139
==39277== 
==39277== 
==39277== Process terminating with default action of signal 13 (SIGPIPE)
==39277==    at 0x49DE574: write (write.c:26)
==39277==    by 0x10CFD7: wait_for_children (in /home/yunus-emre/Desktop/15-45-26/11-43-21/minishell)
==39277==    by 0x10D87F: exec_pipeline (in /home/yunus-emre/Desktop/15-45-26/11-43-21/minishell)
==39277==    by 0x11224E: execute_pipeline (in /home/yunus-emre/Desktop/15-45-26/11-43-21/minishell)
==39277==    by 0x11229F: execute_command_main (in /home/yunus-emre/Desktop/15-45-26/11-43-21/minishell)
==39277==    by 0x111BAD: handle_normal_command (in /home/yunus-emre/Desktop/15-45-26/11-43-21/minishell)
==39277==    by 0x111BD6: determine_command_type (in /home/yunus-emre/Desktop/15-45-26/11-43-21/minishell)
==39277==    by 0x109716: process_command (in /home/yunus-emre/Desktop/15-45-26/11-43-21/minishell)
==39277==    by 0x109A66: process_command_from_input (in /home/yunus-emre/Desktop/15-45-26/11-43-21/minishell)
==39277==    by 0x109B78: main (in /home/yunus-emre/Desktop/15-45-26/11-43-21/minishell)
==39277== 
==39277== FILE DESCRIPTORS: 6 open (3 std) at exit.
==39277== Open file descriptor 63:
==39277==    <inherited from parent>
==39277== 
==39277== Open file descriptor 62:
==39277==    <inherited from parent>
==39277== 
==39277== Open file descriptor 3: /home/yunus-emre/Desktop/15-45-26/11-43-21/vg_logs/case_5.log
==39277==    <inherited from parent>
==39277== 
==39277== 
==39277== HEAP SUMMARY:
==39277==     in use at exit: 216,093 bytes in 458 blocks
==39277==   total heap usage: 662 allocs, 204 frees, 252,568 bytes allocated
==39277== 
==39277== 8 bytes in 1 blocks are still reachable in loss record 2 of 92
==39277==    at 0x4846828: malloc (in /usr/libexec/valgrind/vgpreload_memcheck-amd64-linux.so)
==39277==    by 0x110DEA: ft_malloc (in /home/yunus-emre/Desktop/15-45-26/11-43-21/minishell)
==39277==    by 0x10C725: create_env_string (in /home/yunus-emre/Desktop/15-45-26/11-43-21/minishell)
==39277==    by 0x10CA46: set_env_var (in /home/yunus-emre/Desktop/15-45-26/11-43-21/minishell)
==39277==    by 0x111567: update_shlvl (in /home/yunus-emre/Desktop/15-45-26/11-43-21/minishell)
==39277==    by 0x1095EA: init_shell (in /home/yunus-emre/Desktop/15-45-26/11-43-21/minishell)
==39277==    by 0x109B0A: main (in /home/yunus-emre/Desktop/15-45-26/11-43-21/minishell)
==39277== 
==39277== 10 bytes in 1 blocks are still reachable in loss record 5 of 92
==39277==    at 0x4846828: malloc (in /usr/libexec/valgrind/vgpreload_memcheck-amd64-linux.so)
==39277==    by 0x110E61: ft_malloc (in /home/yunus-emre/Desktop/15-45-26/11-43-21/minishell)
==39277==    by 0x111230: init_env (in /home/yunus-emre/Desktop/15-45-26/11-43-21/minishell)
==39277==    by 0x1095DE: init_shell (in /home/yunus-emre/Desktop/15-45-26/11-43-21/minishell)
==39277==    by 0x109B0A: main (in /home/yunus-emre/Desktop/15-45-26/11-43-21/minishell)
==39277== 
==39277== 10 bytes in 1 blocks are still reachable in loss record 6 of 92
==39277==    at 0x4846828: malloc (in /usr/libexec/valgrind/vgpreload_memcheck-amd64-linux.so)
==39277==    by 0x110E61: ft_malloc (in /home/yunus-emre/Desktop/15-45-26/11-43-21/minishell)
==39277==    by 0x1112D1: init_env (in /home/yunus-emre/Desktop/15-45-26/11-43-21/minishell)
==39277==    by 0x1095DE: init_shell (in /home/yunus-emre/Desktop/15-45-26/11-43-21/minishell)
==39277==    by 0x109B0A: main (in /home/yunus-emre/Desktop/15-45-26/11-43-21/minishell)
==39277== 
==39277== 16 bytes in 1 blocks are still reachable in loss record 15 of 92
==39277==    at 0x4846828: malloc (in /usr/libexec/valgrind/vgpreload_memcheck-amd64-linux.so)
==39277==    by 0x110E61: ft_malloc (in /home/yunus-emre/Desktop/15-45-26/11-43-21/minishell)
==39277==    by 0x10C725: create_env_string (in /home/yunus-emre/Desktop/15-45-26/11-43-21/minishell)
==39277==    by 0x10CA46: set_env_var (in /home/yunus-emre/Desktop/15-45-26/11-43-21/minishell)
==39277==    by 0x111567: update_shlvl (in /home/yunus-emre/Desktop/15-45-26/11-43-21/minishell)
==39277==    by 0x1095EA: init_shell (in /home/yunus-emre/Desktop/15-45-26/11-43-21/minishell)
==39277==    by 0x109B0A: main (in /home/yunus-emre/Desktop/15-45-26/11-43-21/minishell)
==39277== 
==39277== 23 bytes in 6 blocks are still reachable in loss record 19 of 92
==39277==    at 0x4846828: malloc (in /usr/libexec/valgrind/vgpreload_memcheck-amd64-linux.so)
==39277==    by 0x110DEA: ft_malloc (in /home/yunus-emre/Desktop/15-45-26/11-43-21/minishell)
==39277==    by 0x112482: ft_strdup (in /home/yunus-emre/Desktop/15-45-26/11-43-21/minishell)
==39277==    by 0x10A3D1: parse_redirections_and_heredoc (in /home/yunus-emre/Desktop/15-45-26/11-43-21/minishell)
==39277==    by 0x10A8C4: parse_commands (in /home/yunus-emre/Desktop/15-45-26/11-43-21/minishell)
==39277==    by 0x1098BE: process_command_from_input (in /home/yunus-emre/Desktop/15-45-26/11-43-21/minishell)
==39277==    by 0x109B78: main (in /home/yunus-emre/Desktop/15-45-26/11-43-21/minishell)
==39277== 
==39277== 40 bytes in 1 blocks are still reachable in loss record 29 of 92
==39277==    at 0x4846828: malloc (in /usr/libexec/valgrind/vgpreload_memcheck-amd64-linux.so)
==39277==    by 0x110E09: ft_malloc (in /home/yunus-emre/Desktop/15-45-26/11-43-21/minishell)
==39277==    by 0x111230: init_env (in /home/yunus-emre/Desktop/15-45-26/11-43-21/minishell)
==39277==    by 0x1095DE: init_shell (in /home/yunus-emre/Desktop/15-45-26/11-43-21/minishell)
==39277==    by 0x109B0A: main (in /home/yunus-emre/Desktop/15-45-26/11-43-21/minishell)
==39277== 
==39277== 40 bytes in 1 blocks are still reachable in loss record 30 of 92
==39277==    at 0x4846828: malloc (in /usr/libexec/valgrind/vgpreload_memcheck-amd64-linux.so)
==39277==    by 0x110E09: ft_malloc (in /home/yunus-emre/Desktop/15-45-26/11-43-21/minishell)
==39277==    by 0x1112D1: init_env (in /home/yunus-emre/Desktop/15-45-26/11-43-21/minishell)
==39277==    by 0x1095DE: init_shell (in /home/yunus-emre/Desktop/15-45-26/11-43-21/minishell)
==39277==    by 0x109B0A: main (in /home/yunus-emre/Desktop/15-45-26/11-43-21/minishell)
==39277== 
==39277== 40 bytes in 1 blocks are still reachable in loss record 31 of 92
==39277==    at 0x4846828: malloc (in /usr/libexec/valgrind/vgpreload_memcheck-amd64-linux.so)
==39277==    by 0x110E09: ft_malloc (in /home/yunus-emre/Desktop/15-45-26/11-43-21/minishell)
==39277==    by 0x10C725: create_env_string (in /home/yunus-emre/Desktop/15-45-26/11-43-21/minishell)
==39277==    by 0x10CA46: set_env_var (in /home/yunus-emre/Desktop/15-45-26/11-43-21/minishell)
==39277==    by 0x111567: update_shlvl (in /home/yunus-emre/Desktop/15-45-26/11-43-21/minishell)
==39277==    by 0x1095EA: init_shell (in /home/yunus-emre/Desktop/15-45-26/11-43-21/minishell)
==39277==    by 0x109B0A: main (in /home/yunus-emre/Desktop/15-45-26/11-43-21/minishell)
==39277== 
==39277== 65 bytes in 5 blocks are still reachable in loss record 35 of 92
==39277==    at 0x4846828: malloc (in /usr/libexec/valgrind/vgpreload_memcheck-amd64-linux.so)
==39277==    by 0x110E61: ft_malloc (in /home/yunus-emre/Desktop/15-45-26/11-43-21/minishell)
==39277==    by 0x10A5AA: parse_commands (in /home/yunus-emre/Desktop/15-45-26/11-43-21/minishell)
==39277==    by 0x1098BE: process_command_from_input (in /home/yunus-emre/Desktop/15-45-26/11-43-21/minishell)
==39277==    by 0x109B78: main (in /home/yunus-emre/Desktop/15-45-26/11-43-21/minishell)
==39277== 
==39277== 65 bytes in 5 blocks are still reachable in loss record 36 of 92
==39277==    at 0x4846828: malloc (in /usr/libexec/valgrind/vgpreload_memcheck-amd64-linux.so)
==39277==    by 0x110E61: ft_malloc (in /home/yunus-emre/Desktop/15-45-26/11-43-21/minishell)
==39277==    by 0x10A10F: parse_redirections_and_heredoc (in /home/yunus-emre/Desktop/15-45-26/11-43-21/minishell)
==39277==    by 0x10A8C4: parse_commands (in /home/yunus-emre/Desktop/15-45-26/11-43-21/minishell)
==39277==    by 0x1098BE: process_command_from_input (in /home/yunus-emre/Desktop/15-45-26/11-43-21/minishell)
==39277==    by 0x109B78: main (in /home/yunus-emre/Desktop/15-45-26/11-43-21/minishell)
==39277== 
==39277== 88 bytes in 5 blocks are still reachable in loss record 38 of 92
==39277==    at 0x4846828: malloc (in /usr/libexec/valgrind/vgpreload_memcheck-amd64-linux.so)
==39277==    by 0x110DEA: ft_malloc (in /home/yunus-emre/Desktop/15-45-26/11-43-21/minishell)
==39277==    by 0x10A10F: parse_redirections_and_heredoc (in /home/yunus-emre/Desktop/15-45-26/11-43-21/minishell)
==39277==    by 0x10A8C4: parse_commands (in /home/yunus-emre/Desktop/15-45-26/11-43-21/minishell)
==39277==    by 0x1098BE: process_command_from_input (in /home/yunus-emre/Desktop/15-45-26/11-43-21/minishell)
==39277==    by 0x109B78: main (in /home/yunus-emre/Desktop/15-45-26/11-43-21/minishell)
==39277== 
==39277== 108 bytes in 6 blocks are still reachable in loss record 40 of 92
==39277==    at 0x4846828: malloc (in /usr/libexec/valgrind/vgpreload_memcheck-amd64-linux.so)
==39277==    by 0x110E61: ft_malloc (in /home/yunus-emre/Desktop/15-45-26/11-43-21/minishell)
==39277==    by 0x112482: ft_strdup (in /home/yunus-emre/Desktop/15-45-26/11-43-21/minishell)
==39277==    by 0x10A3D1: parse_redirections_and_heredoc (in /home/yunus-emre/Desktop/15-45-26/11-43-21/minishell)
==39277==    by 0x10A8C4: parse_commands (in /home/yunus-emre/Desktop/15-45-26/11-43-21/minishell)
==39277==    by 0x1098BE: process_command_from_input (in /home/yunus-emre/Desktop/15-45-26/11-43-21/minishell)
==39277==    by 0x109B78: main (in /home/yunus-emre/Desktop/15-45-26/11-43-21/minishell)
==39277== 
==39277== 160 bytes in 5 blocks are still reachable in loss record 43 of 92
==39277==    at 0x4846828: malloc (in /usr/libexec/valgrind/vgpreload_memcheck-amd64-linux.so)
==39277==    by 0x110DEA: ft_malloc (in /home/yunus-emre/Desktop/15-45-26/11-43-21/minishell)
==39277==    by 0x10A5AA: parse_commands (in /home/yunus-emre/Desktop/15-45-26/11-43-21/minishell)
==39277==    by 0x1098BE: process_command_from_input (in /home/yunus-emre/Desktop/15-45-26/11-43-21/minishell)
==39277==    by 0x109B78: main (in /home/yunus-emre/Desktop/15-45-26/11-43-21/minishell)
==39277== 
==39277== 198 bytes in 1 blocks are still reachable in loss record 45 of 92
==39277==    at 0x4846828: malloc (in /usr/libexec/valgrind/vgpreload_memcheck-amd64-linux.so)
==39277==    by 0x110DEA: ft_malloc (in /home/yunus-emre/Desktop/15-45-26/11-43-21/minishell)
==39277==    by 0x1112D1: init_env (in /home/yunus-emre/Desktop/15-45-26/11-43-21/minishell)
==39277==    by 0x1095DE: init_shell (in /home/yunus-emre/Desktop/15-45-26/11-43-21/minishell)
==39277==    by 0x109B0A: main (in /home/yunus-emre/Desktop/15-45-26/11-43-21/minishell)
==39277== 
==39277== 200 bytes in 5 blocks are still reachable in loss record 46 of 92
==39277==    at 0x4846828: malloc (in /usr/libexec/valgrind/vgpreload_memcheck-amd64-linux.so)
==39277==    by 0x110E09: ft_malloc (in /home/yunus-emre/Desktop/15-45-26/11-43-21/minishell)
==39277==    by 0x10A5AA: parse_commands (in /home/yunus-emre/Desktop/15-45-26/11-43-21/minishell)
==39277==    by 0x1098BE: process_command_from_input (in /home/yunus-emre/Desktop/15-45-26/11-43-21/minishell)
==39277==    by 0x109B78: main (in /home/yunus-emre/Desktop/15-45-26/11-43-21/minishell)
==39277== 
==39277== 200 bytes in 5 blocks are still reachable in loss record 47 of 92
==39277==    at 0x4846828: malloc (in /usr/libexec/valgrind/vgpreload_memcheck-amd64-linux.so)
==39277==    by 0x110E09: ft_malloc (in /home/yunus-emre/Desktop/15-45-26/11-43-21/minishell)
==39277==    by 0x10A10F: parse_redirections_and_heredoc (in /home/yunus-emre/Desktop/15-45-26/11-43-21/minishell)
==39277==    by 0x10A8C4: parse_commands (in /home/yunus-emre/Desktop/15-45-26/11-43-21/minishell)
==39277==    by 0x1098BE: process_command_from_input (in /home/yunus-emre/Desktop/15-45-26/11-43-21/minishell)
==39277==    by 0x109B78: main (in /home/yunus-emre/Desktop/15-45-26/11-43-21/minishell)
==39277== 
==39277== 240 bytes in 6 blocks are still reachable in loss record 50 of 92
==39277==    at 0x4846828: malloc (in /usr/libexec/valgrind/vgpreload_memcheck-amd64-linux.so)
==39277==    by 0x110E09: ft_malloc (in /home/yunus-emre/Desktop/15-45-26/11-43-21/minishell)
==39277==    by 0x112482: ft_strdup (in /home/yunus-emre/Desktop/15-45-26/11-43-21/minishell)
==39277==    by 0x10A3D1: parse_redirections_and_heredoc (in /home/yunus-emre/Desktop/15-45-26/11-43-21/minishell)
==39277==    by 0x10A8C4: parse_commands (in /home/yunus-emre/Desktop/15-45-26/11-43-21/minishell)
==39277==    by 0x1098BE: process_command_from_input (in /home/yunus-emre/Desktop/15-45-26/11-43-21/minishell)
==39277==    by 0x109B78: main (in /home/yunus-emre/Desktop/15-45-26/11-43-21/minishell)
==39277== 
==39277== 440 bytes in 1 blocks are still reachable in loss record 52 of 92
==39277==    at 0x4846828: malloc (in /usr/libexec/valgrind/vgpreload_memcheck-amd64-linux.so)
==39277==    by 0x110DEA: ft_malloc (in /home/yunus-emre/Desktop/15-45-26/11-43-21/minishell)
==39277==    by 0x111230: init_env (in /home/yunus-emre/Desktop/15-45-26/11-43-21/minishell)
==39277==    by 0x1095DE: init_shell (in /home/yunus-emre/Desktop/15-45-26/11-43-21/minishell)
==39277==    by 0x109B0A: main (in /home/yunus-emre/Desktop/15-45-26/11-43-21/minishell)
==39277== 
==39277== 520 bytes in 52 blocks are still reachable in loss record 54 of 92
==39277==    at 0x4846828: malloc (in /usr/libexec/valgrind/vgpreload_memcheck-amd64-linux.so)
==39277==    by 0x110E61: ft_malloc (in /home/yunus-emre/Desktop/15-45-26/11-43-21/minishell)
==39277==    by 0x11136A: init_env (in /home/yunus-emre/Desktop/15-45-26/11-43-21/minishell)
==39277==    by 0x1095DE: init_shell (in /home/yunus-emre/Desktop/15-45-26/11-43-21/minishell)
==39277==    by 0x109B0A: main (in /home/yunus-emre/Desktop/15-45-26/11-43-21/minishell)
==39277== 
==39277== 2,080 bytes in 52 blocks are still reachable in loss record 67 of 92
==39277==    at 0x4846828: malloc (in /usr/libexec/valgrind/vgpreload_memcheck-amd64-linux.so)
==39277==    by 0x110E09: ft_malloc (in /home/yunus-emre/Desktop/15-45-26/11-43-21/minishell)
==39277==    by 0x11136A: init_env (in /home/yunus-emre/Desktop/15-45-26/11-43-21/minishell)
==39277==    by 0x1095DE: init_shell (in /home/yunus-emre/Desktop/15-45-26/11-43-21/minishell)
==39277==    by 0x109B0A: main (in /home/yunus-emre/Desktop/15-45-26/11-43-21/minishell)
==39277== 
==39277== 3,639 bytes in 52 blocks are still reachable in loss record 72 of 92
==39277==    at 0x4846828: malloc (in /usr/libexec/valgrind/vgpreload_memcheck-amd64-linux.so)
==39277==    by 0x110DEA: ft_malloc (in /home/yunus-emre/Desktop/15-45-26/11-43-21/minishell)
==39277==    by 0x11136A: init_env (in /home/yunus-emre/Desktop/15-45-26/11-43-21/minishell)
==39277==    by 0x1095DE: init_shell (in /home/yunus-emre/Desktop/15-45-26/11-43-21/minishell)
==39277==    by 0x109B0A: main (in /home/yunus-emre/Desktop/15-45-26/11-43-21/minishell)
==39277== 
==39277== LEAK SUMMARY:
==39277==    definitely lost: 0 bytes in 0 blocks
==39277==    indirectly lost: 0 bytes in 0 blocks
==39277==      possibly lost: 0 bytes in 0 blocks
==39277==    still reachable: 8,190 bytes in 213 blocks
==39277==         suppressed: 207,903 bytes in 245 blocks
==39277== 
==39277== For lists of detected and suppressed errors, rerun with: -s
==39277== ERROR SUMMARY: 0 errors from 0 contexts (suppressed: 0 from 0)
