==39233== Memcheck, a memory error detector
==39233== Copyright (C) 2002-2022, and GNU GPL'd, by Julian Seward et al.
==39233== Using Valgrind-3.22.0 and LibVEX; rerun with -h for copyright info
==39233== Command: ./minishell
==39233== Parent PID: 39139
==39233== 
==39233== 
==39233== Process terminating with default action of signal 13 (SIGPIPE)
==39233==    at 0x49DE574: write (write.c:26)
==39233==    by 0x10CFD7: wait_for_children (in /home/yunus-emre/Desktop/15-45-26/11-43-21/minishell)
==39233==    by 0x10D87F: exec_pipeline (in /home/yunus-emre/Desktop/15-45-26/11-43-21/minishell)
==39233==    by 0x11224E: execute_pipeline (in /home/yunus-emre/Desktop/15-45-26/11-43-21/minishell)
==39233==    by 0x11229F: execute_command_main (in /home/yunus-emre/Desktop/15-45-26/11-43-21/minishell)
==39233==    by 0x111BAD: handle_normal_command (in /home/yunus-emre/Desktop/15-45-26/11-43-21/minishell)
==39233==    by 0x111BD6: determine_command_type (in /home/yunus-emre/Desktop/15-45-26/11-43-21/minishell)
==39233==    by 0x109716: process_command (in /home/yunus-emre/Desktop/15-45-26/11-43-21/minishell)
==39233==    by 0x109A66: process_command_from_input (in /home/yunus-emre/Desktop/15-45-26/11-43-21/minishell)
==39233==    by 0x109B78: main (in /home/yunus-emre/Desktop/15-45-26/11-43-21/minishell)
==39233== 
==39233== FILE DESCRIPTORS: 6 open (3 std) at exit.
==39233== Open file descriptor 63:
==39233==    <inherited from parent>
==39233== 
==39233== Open file descriptor 62:
==39233==    <inherited from parent>
==39233== 
==39233== Open file descriptor 3: /home/yunus-emre/Desktop/15-45-26/11-43-21/vg_logs/case_4.log
==39233==    <inherited from parent>
==39233== 
==39233== 
==39233== HEAP SUMMARY:
==39233==     in use at exit: 215,595 bytes in 437 blocks
==39233==   total heap usage: 620 allocs, 183 frees, 243,412 bytes allocated
==39233== 
==39233== 8 bytes in 1 blocks are still reachable in loss record 2 of 98
==39233==    at 0x4846828: malloc (in /usr/libexec/valgrind/vgpreload_memcheck-amd64-linux.so)
==39233==    by 0x110DEA: ft_malloc (in /home/yunus-emre/Desktop/15-45-26/11-43-21/minishell)
==39233==    by 0x10C725: create_env_string (in /home/yunus-emre/Desktop/15-45-26/11-43-21/minishell)
==39233==    by 0x10CA46: set_env_var (in /home/yunus-emre/Desktop/15-45-26/11-43-21/minishell)
==39233==    by 0x111567: update_shlvl (in /home/yunus-emre/Desktop/15-45-26/11-43-21/minishell)
==39233==    by 0x1095EA: init_shell (in /home/yunus-emre/Desktop/15-45-26/11-43-21/minishell)
==39233==    by 0x109B0A: main (in /home/yunus-emre/Desktop/15-45-26/11-43-21/minishell)
==39233== 
==39233== 10 bytes in 1 blocks are still reachable in loss record 5 of 98
==39233==    at 0x4846828: malloc (in /usr/libexec/valgrind/vgpreload_memcheck-amd64-linux.so)
==39233==    by 0x110E61: ft_malloc (in /home/yunus-emre/Desktop/15-45-26/11-43-21/minishell)
==39233==    by 0x111230: init_env (in /home/yunus-emre/Desktop/15-45-26/11-43-21/minishell)
==39233==    by 0x1095DE: init_shell (in /home/yunus-emre/Desktop/15-45-26/11-43-21/minishell)
==39233==    by 0x109B0A: main (in /home/yunus-emre/Desktop/15-45-26/11-43-21/minishell)
==39233== 
==39233== 10 bytes in 1 blocks are still reachable in loss record 6 of 98
==39233==    at 0x4846828: malloc (in /usr/libexec/valgrind/vgpreload_memcheck-amd64-linux.so)
==39233==    by 0x110E61: ft_malloc (in /home/yunus-emre/Desktop/15-45-26/11-43-21/minishell)
==39233==    by 0x1112D1: init_env (in /home/yunus-emre/Desktop/15-45-26/11-43-21/minishell)
==39233==    by 0x1095DE: init_shell (in /home/yunus-emre/Desktop/15-45-26/11-43-21/minishell)
==39233==    by 0x109B0A: main (in /home/yunus-emre/Desktop/15-45-26/11-43-21/minishell)
==39233== 
==39233== 12 bytes in 1 blocks are still reachable in loss record 14 of 98
==39233==    at 0x4846828: malloc (in /usr/libexec/valgrind/vgpreload_memcheck-amd64-linux.so)
==39233==    by 0x110E61: ft_malloc (in /home/yunus-emre/Desktop/15-45-26/11-43-21/minishell)
==39233==    by 0x10E905: create_redir (in /home/yunus-emre/Desktop/15-45-26/11-43-21/minishell)
==39233==    by 0x109F7F: handle_in_redir (in /home/yunus-emre/Desktop/15-45-26/11-43-21/minishell)
==39233==    by 0x10A2A8: parse_redirections_and_heredoc (in /home/yunus-emre/Desktop/15-45-26/11-43-21/minishell)
==39233==    by 0x10A8C4: parse_commands (in /home/yunus-emre/Desktop/15-45-26/11-43-21/minishell)
==39233==    by 0x1098BE: process_command_from_input (in /home/yunus-emre/Desktop/15-45-26/11-43-21/minishell)
==39233==    by 0x109B78: main (in /home/yunus-emre/Desktop/15-45-26/11-43-21/minishell)
==39233== 
==39233== 13 bytes in 1 blocks are still reachable in loss record 16 of 98
==39233==    at 0x4846828: malloc (in /usr/libexec/valgrind/vgpreload_memcheck-amd64-linux.so)
==39233==    by 0x110DEA: ft_malloc (in /home/yunus-emre/Desktop/15-45-26/11-43-21/minishell)
==39233==    by 0x112482: ft_strdup (in /home/yunus-emre/Desktop/15-45-26/11-43-21/minishell)
==39233==    by 0x10E92C: create_redir (in /home/yunus-emre/Desktop/15-45-26/11-43-21/minishell)
==39233==    by 0x109F7F: handle_in_redir (in /home/yunus-emre/Desktop/15-45-26/11-43-21/minishell)
==39233==    by 0x10A2A8: parse_redirections_and_heredoc (in /home/yunus-emre/Desktop/15-45-26/11-43-21/minishell)
==39233==    by 0x10A8C4: parse_commands (in /home/yunus-emre/Desktop/15-45-26/11-43-21/minishell)
==39233==    by 0x1098BE: process_command_from_input (in /home/yunus-emre/Desktop/15-45-26/11-43-21/minishell)
==39233==    by 0x109B78: main (in /home/yunus-emre/Desktop/15-45-26/11-43-21/minishell)
==39233== 
==39233== 14 bytes in 3 blocks are still reachable in loss record 17 of 98
==39233==    at 0x4846828: malloc (in /usr/libexec/valgrind/vgpreload_memcheck-amd64-linux.so)
==39233==    by 0x110DEA: ft_malloc (in /home/yunus-emre/Desktop/15-45-26/11-43-21/minishell)
==39233==    by 0x112482: ft_strdup (in /home/yunus-emre/Desktop/15-45-26/11-43-21/minishell)
==39233==    by 0x10A3D1: parse_redirections_and_heredoc (in /home/yunus-emre/Desktop/15-45-26/11-43-21/minishell)
==39233==    by 0x10A8C4: parse_commands (in /home/yunus-emre/Desktop/15-45-26/11-43-21/minishell)
==39233==    by 0x1098BE: process_command_from_input (in /home/yunus-emre/Desktop/15-45-26/11-43-21/minishell)
==39233==    by 0x109B78: main (in /home/yunus-emre/Desktop/15-45-26/11-43-21/minishell)
==39233== 
==39233== 16 bytes in 1 blocks are still reachable in loss record 18 of 98
==39233==    at 0x4846828: malloc (in /usr/libexec/valgrind/vgpreload_memcheck-amd64-linux.so)
==39233==    by 0x110E61: ft_malloc (in /home/yunus-emre/Desktop/15-45-26/11-43-21/minishell)
==39233==    by 0x10C725: create_env_string (in /home/yunus-emre/Desktop/15-45-26/11-43-21/minishell)
==39233==    by 0x10CA46: set_env_var (in /home/yunus-emre/Desktop/15-45-26/11-43-21/minishell)
==39233==    by 0x111567: update_shlvl (in /home/yunus-emre/Desktop/15-45-26/11-43-21/minishell)
==39233==    by 0x1095EA: init_shell (in /home/yunus-emre/Desktop/15-45-26/11-43-21/minishell)
==39233==    by 0x109B0A: main (in /home/yunus-emre/Desktop/15-45-26/11-43-21/minishell)
==39233== 
==39233== 18 bytes in 1 blocks are still reachable in loss record 21 of 98
==39233==    at 0x4846828: malloc (in /usr/libexec/valgrind/vgpreload_memcheck-amd64-linux.so)
==39233==    by 0x110E61: ft_malloc (in /home/yunus-emre/Desktop/15-45-26/11-43-21/minishell)
==39233==    by 0x112482: ft_strdup (in /home/yunus-emre/Desktop/15-45-26/11-43-21/minishell)
==39233==    by 0x10E92C: create_redir (in /home/yunus-emre/Desktop/15-45-26/11-43-21/minishell)
==39233==    by 0x109F7F: handle_in_redir (in /home/yunus-emre/Desktop/15-45-26/11-43-21/minishell)
==39233==    by 0x10A2A8: parse_redirections_and_heredoc (in /home/yunus-emre/Desktop/15-45-26/11-43-21/minishell)
==39233==    by 0x10A8C4: parse_commands (in /home/yunus-emre/Desktop/15-45-26/11-43-21/minishell)
==39233==    by 0x1098BE: process_command_from_input (in /home/yunus-emre/Desktop/15-45-26/11-43-21/minishell)
==39233==    by 0x109B78: main (in /home/yunus-emre/Desktop/15-45-26/11-43-21/minishell)
==39233== 
==39233== 24 bytes in 1 blocks are still reachable in loss record 26 of 98
==39233==    at 0x4846828: malloc (in /usr/libexec/valgrind/vgpreload_memcheck-amd64-linux.so)
==39233==    by 0x110DEA: ft_malloc (in /home/yunus-emre/Desktop/15-45-26/11-43-21/minishell)
==39233==    by 0x10E905: create_redir (in /home/yunus-emre/Desktop/15-45-26/11-43-21/minishell)
==39233==    by 0x109F7F: handle_in_redir (in /home/yunus-emre/Desktop/15-45-26/11-43-21/minishell)
==39233==    by 0x10A2A8: parse_redirections_and_heredoc (in /home/yunus-emre/Desktop/15-45-26/11-43-21/minishell)
==39233==    by 0x10A8C4: parse_commands (in /home/yunus-emre/Desktop/15-45-26/11-43-21/minishell)
==39233==    by 0x1098BE: process_command_from_input (in /home/yunus-emre/Desktop/15-45-26/11-43-21/minishell)
==39233==    by 0x109B78: main (in /home/yunus-emre/Desktop/15-45-26/11-43-21/minishell)
==39233== 
==39233== 26 bytes in 2 blocks are still reachable in loss record 27 of 98
==39233==    at 0x4846828: malloc (in /usr/libexec/valgrind/vgpreload_memcheck-amd64-linux.so)
==39233==    by 0x110E61: ft_malloc (in /home/yunus-emre/Desktop/15-45-26/11-43-21/minishell)
==39233==    by 0x10A5AA: parse_commands (in /home/yunus-emre/Desktop/15-45-26/11-43-21/minishell)
==39233==    by 0x1098BE: process_command_from_input (in /home/yunus-emre/Desktop/15-45-26/11-43-21/minishell)
==39233==    by 0x109B78: main (in /home/yunus-emre/Desktop/15-45-26/11-43-21/minishell)
==39233== 
==39233== 26 bytes in 2 blocks are still reachable in loss record 28 of 98
==39233==    at 0x4846828: malloc (in /usr/libexec/valgrind/vgpreload_memcheck-amd64-linux.so)
==39233==    by 0x110E61: ft_malloc (in /home/yunus-emre/Desktop/15-45-26/11-43-21/minishell)
==39233==    by 0x10A10F: parse_redirections_and_heredoc (in /home/yunus-emre/Desktop/15-45-26/11-43-21/minishell)
==39233==    by 0x10A8C4: parse_commands (in /home/yunus-emre/Desktop/15-45-26/11-43-21/minishell)
==39233==    by 0x1098BE: process_command_from_input (in /home/yunus-emre/Desktop/15-45-26/11-43-21/minishell)
==39233==    by 0x109B78: main (in /home/yunus-emre/Desktop/15-45-26/11-43-21/minishell)
==39233== 
==39233== 40 bytes in 1 blocks are still reachable in loss record 35 of 98
==39233==    at 0x4846828: malloc (in /usr/libexec/valgrind/vgpreload_memcheck-amd64-linux.so)
==39233==    by 0x110E09: ft_malloc (in /home/yunus-emre/Desktop/15-45-26/11-43-21/minishell)
==39233==    by 0x111230: init_env (in /home/yunus-emre/Desktop/15-45-26/11-43-21/minishell)
==39233==    by 0x1095DE: init_shell (in /home/yunus-emre/Desktop/15-45-26/11-43-21/minishell)
==39233==    by 0x109B0A: main (in /home/yunus-emre/Desktop/15-45-26/11-43-21/minishell)
==39233== 
==39233== 40 bytes in 1 blocks are still reachable in loss record 36 of 98
==39233==    at 0x4846828: malloc (in /usr/libexec/valgrind/vgpreload_memcheck-amd64-linux.so)
==39233==    by 0x110E09: ft_malloc (in /home/yunus-emre/Desktop/15-45-26/11-43-21/minishell)
==39233==    by 0x1112D1: init_env (in /home/yunus-emre/Desktop/15-45-26/11-43-21/minishell)
==39233==    by 0x1095DE: init_shell (in /home/yunus-emre/Desktop/15-45-26/11-43-21/minishell)
==39233==    by 0x109B0A: main (in /home/yunus-emre/Desktop/15-45-26/11-43-21/minishell)
==39233== 
==39233== 40 bytes in 1 blocks are still reachable in loss record 37 of 98
==39233==    at 0x4846828: malloc (in /usr/libexec/valgrind/vgpreload_memcheck-amd64-linux.so)
==39233==    by 0x110E09: ft_malloc (in /home/yunus-emre/Desktop/15-45-26/11-43-21/minishell)
==39233==    by 0x10C725: create_env_string (in /home/yunus-emre/Desktop/15-45-26/11-43-21/minishell)
==39233==    by 0x10CA46: set_env_var (in /home/yunus-emre/Desktop/15-45-26/11-43-21/minishell)
==39233==    by 0x111567: update_shlvl (in /home/yunus-emre/Desktop/15-45-26/11-43-21/minishell)
==39233==    by 0x1095EA: init_shell (in /home/yunus-emre/Desktop/15-45-26/11-43-21/minishell)
==39233==    by 0x109B0A: main (in /home/yunus-emre/Desktop/15-45-26/11-43-21/minishell)
==39233== 
==39233== 40 bytes in 1 blocks are still reachable in loss record 38 of 98
==39233==    at 0x4846828: malloc (in /usr/libexec/valgrind/vgpreload_memcheck-amd64-linux.so)
==39233==    by 0x110E09: ft_malloc (in /home/yunus-emre/Desktop/15-45-26/11-43-21/minishell)
==39233==    by 0x10E905: create_redir (in /home/yunus-emre/Desktop/15-45-26/11-43-21/minishell)
==39233==    by 0x109F7F: handle_in_redir (in /home/yunus-emre/Desktop/15-45-26/11-43-21/minishell)
==39233==    by 0x10A2A8: parse_redirections_and_heredoc (in /home/yunus-emre/Desktop/15-45-26/11-43-21/minishell)
==39233==    by 0x10A8C4: parse_commands (in /home/yunus-emre/Desktop/15-45-26/11-43-21/minishell)
==39233==    by 0x1098BE: process_command_from_input (in /home/yunus-emre/Desktop/15-45-26/11-43-21/minishell)
==39233==    by 0x109B78: main (in /home/yunus-emre/Desktop/15-45-26/11-43-21/minishell)
==39233== 
==39233== 40 bytes in 1 blocks are still reachable in loss record 39 of 98
==39233==    at 0x4846828: malloc (in /usr/libexec/valgrind/vgpreload_memcheck-amd64-linux.so)
==39233==    by 0x110E09: ft_malloc (in /home/yunus-emre/Desktop/15-45-26/11-43-21/minishell)
==39233==    by 0x112482: ft_strdup (in /home/yunus-emre/Desktop/15-45-26/11-43-21/minishell)
==39233==    by 0x10E92C: create_redir (in /home/yunus-emre/Desktop/15-45-26/11-43-21/minishell)
==39233==    by 0x109F7F: handle_in_redir (in /home/yunus-emre/Desktop/15-45-26/11-43-21/minishell)
==39233==    by 0x10A2A8: parse_redirections_and_heredoc (in /home/yunus-emre/Desktop/15-45-26/11-43-21/minishell)
==39233==    by 0x10A8C4: parse_commands (in /home/yunus-emre/Desktop/15-45-26/11-43-21/minishell)
==39233==    by 0x1098BE: process_command_from_input (in /home/yunus-emre/Desktop/15-45-26/11-43-21/minishell)
==39233==    by 0x109B78: main (in /home/yunus-emre/Desktop/15-45-26/11-43-21/minishell)
==39233== 
==39233== 40 bytes in 2 blocks are still reachable in loss record 40 of 98
==39233==    at 0x4846828: malloc (in /usr/libexec/valgrind/vgpreload_memcheck-amd64-linux.so)
==39233==    by 0x110DEA: ft_malloc (in /home/yunus-emre/Desktop/15-45-26/11-43-21/minishell)
==39233==    by 0x10A10F: parse_redirections_and_heredoc (in /home/yunus-emre/Desktop/15-45-26/11-43-21/minishell)
==39233==    by 0x10A8C4: parse_commands (in /home/yunus-emre/Desktop/15-45-26/11-43-21/minishell)
==39233==    by 0x1098BE: process_command_from_input (in /home/yunus-emre/Desktop/15-45-26/11-43-21/minishell)
==39233==    by 0x109B78: main (in /home/yunus-emre/Desktop/15-45-26/11-43-21/minishell)
==39233== 
==39233== 54 bytes in 3 blocks are still reachable in loss record 44 of 98
==39233==    at 0x4846828: malloc (in /usr/libexec/valgrind/vgpreload_memcheck-amd64-linux.so)
==39233==    by 0x110E61: ft_malloc (in /home/yunus-emre/Desktop/15-45-26/11-43-21/minishell)
==39233==    by 0x112482: ft_strdup (in /home/yunus-emre/Desktop/15-45-26/11-43-21/minishell)
==39233==    by 0x10A3D1: parse_redirections_and_heredoc (in /home/yunus-emre/Desktop/15-45-26/11-43-21/minishell)
==39233==    by 0x10A8C4: parse_commands (in /home/yunus-emre/Desktop/15-45-26/11-43-21/minishell)
==39233==    by 0x1098BE: process_command_from_input (in /home/yunus-emre/Desktop/15-45-26/11-43-21/minishell)
==39233==    by 0x109B78: main (in /home/yunus-emre/Desktop/15-45-26/11-43-21/minishell)
==39233== 
==39233== 64 bytes in 2 blocks are still reachable in loss record 45 of 98
==39233==    at 0x4846828: malloc (in /usr/libexec/valgrind/vgpreload_memcheck-amd64-linux.so)
==39233==    by 0x110DEA: ft_malloc (in /home/yunus-emre/Desktop/15-45-26/11-43-21/minishell)
==39233==    by 0x10A5AA: parse_commands (in /home/yunus-emre/Desktop/15-45-26/11-43-21/minishell)
==39233==    by 0x1098BE: process_command_from_input (in /home/yunus-emre/Desktop/15-45-26/11-43-21/minishell)
==39233==    by 0x109B78: main (in /home/yunus-emre/Desktop/15-45-26/11-43-21/minishell)
==39233== 
==39233== 80 bytes in 2 blocks are still reachable in loss record 47 of 98
==39233==    at 0x4846828: malloc (in /usr/libexec/valgrind/vgpreload_memcheck-amd64-linux.so)
==39233==    by 0x110E09: ft_malloc (in /home/yunus-emre/Desktop/15-45-26/11-43-21/minishell)
==39233==    by 0x10A5AA: parse_commands (in /home/yunus-emre/Desktop/15-45-26/11-43-21/minishell)
==39233==    by 0x1098BE: process_command_from_input (in /home/yunus-emre/Desktop/15-45-26/11-43-21/minishell)
==39233==    by 0x109B78: main (in /home/yunus-emre/Desktop/15-45-26/11-43-21/minishell)
==39233== 
==39233== 80 bytes in 2 blocks are still reachable in loss record 48 of 98
==39233==    at 0x4846828: malloc (in /usr/libexec/valgrind/vgpreload_memcheck-amd64-linux.so)
==39233==    by 0x110E09: ft_malloc (in /home/yunus-emre/Desktop/15-45-26/11-43-21/minishell)
==39233==    by 0x10A10F: parse_redirections_and_heredoc (in /home/yunus-emre/Desktop/15-45-26/11-43-21/minishell)
==39233==    by 0x10A8C4: parse_commands (in /home/yunus-emre/Desktop/15-45-26/11-43-21/minishell)
==39233==    by 0x1098BE: process_command_from_input (in /home/yunus-emre/Desktop/15-45-26/11-43-21/minishell)
==39233==    by 0x109B78: main (in /home/yunus-emre/Desktop/15-45-26/11-43-21/minishell)
==39233== 
==39233== 120 bytes in 3 blocks are still reachable in loss record 51 of 98
==39233==    at 0x4846828: malloc (in /usr/libexec/valgrind/vgpreload_memcheck-amd64-linux.so)
==39233==    by 0x110E09: ft_malloc (in /home/yunus-emre/Desktop/15-45-26/11-43-21/minishell)
==39233==    by 0x112482: ft_strdup (in /home/yunus-emre/Desktop/15-45-26/11-43-21/minishell)
==39233==    by 0x10A3D1: parse_redirections_and_heredoc (in /home/yunus-emre/Desktop/15-45-26/11-43-21/minishell)
==39233==    by 0x10A8C4: parse_commands (in /home/yunus-emre/Desktop/15-45-26/11-43-21/minishell)
==39233==    by 0x1098BE: process_command_from_input (in /home/yunus-emre/Desktop/15-45-26/11-43-21/minishell)
==39233==    by 0x109B78: main (in /home/yunus-emre/Desktop/15-45-26/11-43-21/minishell)
==39233== 
==39233== 198 bytes in 1 blocks are still reachable in loss record 54 of 98
==39233==    at 0x4846828: malloc (in /usr/libexec/valgrind/vgpreload_memcheck-amd64-linux.so)
==39233==    by 0x110DEA: ft_malloc (in /home/yunus-emre/Desktop/15-45-26/11-43-21/minishell)
==39233==    by 0x1112D1: init_env (in /home/yunus-emre/Desktop/15-45-26/11-43-21/minishell)
==39233==    by 0x1095DE: init_shell (in /home/yunus-emre/Desktop/15-45-26/11-43-21/minishell)
==39233==    by 0x109B0A: main (in /home/yunus-emre/Desktop/15-45-26/11-43-21/minishell)
==39233== 
==39233== 440 bytes in 1 blocks are still reachable in loss record 58 of 98
==39233==    at 0x4846828: malloc (in /usr/libexec/valgrind/vgpreload_memcheck-amd64-linux.so)
==39233==    by 0x110DEA: ft_malloc (in /home/yunus-emre/Desktop/15-45-26/11-43-21/minishell)
==39233==    by 0x111230: init_env (in /home/yunus-emre/Desktop/15-45-26/11-43-21/minishell)
==39233==    by 0x1095DE: init_shell (in /home/yunus-emre/Desktop/15-45-26/11-43-21/minishell)
==39233==    by 0x109B0A: main (in /home/yunus-emre/Desktop/15-45-26/11-43-21/minishell)
==39233== 
==39233== 520 bytes in 52 blocks are still reachable in loss record 60 of 98
==39233==    at 0x4846828: malloc (in /usr/libexec/valgrind/vgpreload_memcheck-amd64-linux.so)
==39233==    by 0x110E61: ft_malloc (in /home/yunus-emre/Desktop/15-45-26/11-43-21/minishell)
==39233==    by 0x11136A: init_env (in /home/yunus-emre/Desktop/15-45-26/11-43-21/minishell)
==39233==    by 0x1095DE: init_shell (in /home/yunus-emre/Desktop/15-45-26/11-43-21/minishell)
==39233==    by 0x109B0A: main (in /home/yunus-emre/Desktop/15-45-26/11-43-21/minishell)
==39233== 
==39233== 2,080 bytes in 52 blocks are still reachable in loss record 73 of 98
==39233==    at 0x4846828: malloc (in /usr/libexec/valgrind/vgpreload_memcheck-amd64-linux.so)
==39233==    by 0x110E09: ft_malloc (in /home/yunus-emre/Desktop/15-45-26/11-43-21/minishell)
==39233==    by 0x11136A: init_env (in /home/yunus-emre/Desktop/15-45-26/11-43-21/minishell)
==39233==    by 0x1095DE: init_shell (in /home/yunus-emre/Desktop/15-45-26/11-43-21/minishell)
==39233==    by 0x109B0A: main (in /home/yunus-emre/Desktop/15-45-26/11-43-21/minishell)
==39233== 
==39233== 3,639 bytes in 52 blocks are still reachable in loss record 78 of 98
==39233==    at 0x4846828: malloc (in /usr/libexec/valgrind/vgpreload_memcheck-amd64-linux.so)
==39233==    by 0x110DEA: ft_malloc (in /home/yunus-emre/Desktop/15-45-26/11-43-21/minishell)
==39233==    by 0x11136A: init_env (in /home/yunus-emre/Desktop/15-45-26/11-43-21/minishell)
==39233==    by 0x1095DE: init_shell (in /home/yunus-emre/Desktop/15-45-26/11-43-21/minishell)
==39233==    by 0x109B0A: main (in /home/yunus-emre/Desktop/15-45-26/11-43-21/minishell)
==39233== 
==39233== LEAK SUMMARY:
==39233==    definitely lost: 0 bytes in 0 blocks
==39233==    indirectly lost: 0 bytes in 0 blocks
==39233==      possibly lost: 0 bytes in 0 blocks
==39233==    still reachable: 7,692 bytes in 192 blocks
==39233==         suppressed: 207,903 bytes in 245 blocks
==39233== 
==39233== For lists of detected and suppressed errors, rerun with: -s
==39233== ERROR SUMMARY: 0 errors from 0 contexts (suppressed: 0 from 0)
