==39179== Memcheck, a memory error detector
==39179== Copyright (C) 2002-2022, and GNU GPL'd, by Julian Seward et al.
==39179== Using Valgrind-3.22.0 and LibVEX; rerun with -h for copyright info
==39179== Command: ./minishell
==39179== Parent PID: 39139
==39179== 
==39179== 
==39179== FILE DESCRIPTORS: 6 open (3 std) at exit.
==39179== Open file descriptor 63:
==39179==    <inherited from parent>
==39179== 
==39179== Open file descriptor 62:
==39179==    <inherited from parent>
==39179== 
==39179== Open file descriptor 3: /home/yunus-emre/Desktop/15-45-26/11-43-21/vg_logs/case_2.log
==39179==    <inherited from parent>
==39179== 
==39179== 
==39179== HEAP SUMMARY:
==39179==     in use at exit: 198,766 bytes in 216 blocks
==39179==   total heap usage: 602 allocs, 386 frees, 234,698 bytes allocated
==39179== 
==39179== LEAK SUMMARY:
==39179==    definitely lost: 0 bytes in 0 blocks
==39179==    indirectly lost: 0 bytes in 0 blocks
==39179==      possibly lost: 0 bytes in 0 blocks
==39179==    still reachable: 0 bytes in 0 blocks
==39179==         suppressed: 198,766 bytes in 216 blocks
==39179== 
==39179== For lists of detected and suppressed errors, rerun with: -s
==39179== ERROR SUMMARY: 0 errors from 0 contexts (suppressed: 0 from 0)
