==39062== Memcheck, a memory error detector
==39062== Copyright (C) 2002-2022, and GNU GPL'd, by Julian Seward et al.
==39062== Using Valgrind-3.22.0 and LibVEX; rerun with -h for copyright info
==39062== Command: ./minishell
==39062== Parent PID: 38729
==39062== 
==39072== 
==39072== FILE DESCRIPTORS: 6 open (3 std) at exit.
==39072== Open file descriptor 63:
==39072==    <inherited from parent>
==39072== 
==39072== Open file descriptor 62:
==39072==    <inherited from parent>
==39072== 
==39072== Open file descriptor 3: /home/yunus-emre/Desktop/15-45-26/11-43-21/vg_logs/case_7.log
==39072==    <inherited from parent>
==39072== 
==39072== 
==39072== HEAP SUMMARY:
==39072==     in use at exit: 198,856 bytes in 220 blocks
==39072==   total heap usage: 596 allocs, 376 frees, 234,656 bytes allocated
==39072== 
==39072== LEAK SUMMARY:
==39072==    definitely lost: 0 bytes in 0 blocks
==39072==    indirectly lost: 0 bytes in 0 blocks
==39072==      possibly lost: 0 bytes in 0 blocks
==39072==    still reachable: 0 bytes in 0 blocks
==39072==         suppressed: 198,856 bytes in 220 blocks
==39072== 
==39072== For lists of detected and suppressed errors, rerun with: -s
==39072== ERROR SUMMARY: 0 errors from 0 contexts (suppressed: 0 from 0)
==39062== 
==39062== FILE DESCRIPTORS: 6 open (3 std) at exit.
==39062== Open file descriptor 63:
==39062==    <inherited from parent>
==39062== 
==39062== Open file descriptor 62:
==39062==    <inherited from parent>
==39062== 
==39062== Open file descriptor 3: /home/yunus-emre/Desktop/15-45-26/11-43-21/vg_logs/case_7.log
==39062==    <inherited from parent>
==39062== 
==39062== 
==39062== HEAP SUMMARY:
==39062==     in use at exit: 198,766 bytes in 216 blocks
==39062==   total heap usage: 603 allocs, 387 frees, 234,762 bytes allocated
==39062== 
==39062== LEAK SUMMARY:
==39062==    definitely lost: 0 bytes in 0 blocks
==39062==    indirectly lost: 0 bytes in 0 blocks
==39062==      possibly lost: 0 bytes in 0 blocks
==39062==    still reachable: 0 bytes in 0 blocks
==39062==         suppressed: 198,766 bytes in 216 blocks
==39062== 
==39062== For lists of detected and suppressed errors, rerun with: -s
==39062== ERROR SUMMARY: 0 errors from 0 contexts (suppressed: 0 from 0)
