==39203== Memcheck, a memory error detector
==39203== Copyright (C) 2002-2022, and GNU GPL'd, by Julian Seward et al.
==39203== Using Valgrind-3.22.0 and LibVEX; rerun with -h for copyright info
==39203== Command: ./minishell
==39203== Parent PID: 39139
==39203== 
==39203== 
==39203== FILE DESCRIPTORS: 7 open (3 std) at exit.
==39203== Open file descriptor 7:
==39203==    at 0x49D893B: dup (syscall-template.S:120)
==39203==    by 0x10D41A: redir_append_builtin (in /home/yunus-emre/Desktop/15-45-26/11-43-21/minishell)
==39203==    by 0x10D668: setup_redirections_for_builtin (in /home/yunus-emre/Desktop/15-45-26/11-43-21/minishell)
==39203==    by 0x111D1D: execute_single_builtin (in /home/yunus-emre/Desktop/15-45-26/11-43-21/minishell)
==39203==    by 0x1122E8: execute_command_main (in /home/yunus-emre/Desktop/15-45-26/11-43-21/minishell)
==39203==    by 0x111BAD: handle_normal_command (in /home/yunus-emre/Desktop/15-45-26/11-43-21/minishell)
==39203==    by 0x111BD6: determine_command_type (in /home/yunus-emre/Desktop/15-45-26/11-43-21/minishell)
==39203==    by 0x109716: process_command (in /home/yunus-emre/Desktop/15-45-26/11-43-21/minishell)
==39203==    by 0x109A66: process_command_from_input (in /home/yunus-emre/Desktop/15-45-26/11-43-21/minishell)
==39203==    by 0x109B78: main (in /home/yunus-emre/Desktop/15-45-26/11-43-21/minishell)
==39203== 
==39203== Open file descriptor 63:
==39203==    <inherited from parent>
==39203== 
==39203== Open file descriptor 62:
==39203==    <inherited from parent>
==39203== 
==39203== Open file descriptor 3: /home/yunus-emre/Desktop/15-45-26/11-43-21/vg_logs/case_3.log
==39203==    <inherited from parent>
==39203== 
==39203== 
==39203== HEAP SUMMARY:
==39203==     in use at exit: 198,766 bytes in 216 blocks
==39203==   total heap usage: 609 allocs, 393 frees, 238,992 bytes allocated
==39203== 
==39203== LEAK SUMMARY:
==39203==    definitely lost: 0 bytes in 0 blocks
==39203==    indirectly lost: 0 bytes in 0 blocks
==39203==      possibly lost: 0 bytes in 0 blocks
==39203==    still reachable: 0 bytes in 0 blocks
==39203==         suppressed: 198,766 bytes in 216 blocks
==39203== 
==39203== For lists of detected and suppressed errors, rerun with: -s
==39203== ERROR SUMMARY: 0 errors from 0 contexts (suppressed: 0 from 0)
