[0;91m
		    -----------------------[38;5;247m[0;91m
		   | 👹 MINISHELL PANIC 👹 |
[38;5;247m[0;91m		    -----------------------

[38;5;247mCompiling Makefile ... Please wait![38;5;247m[38;5;247m[2K
 Compilation done
[38;5;247m[38;5;247m
 CARE!
 This tester does not work if your prompt has a new line
 or changes during execution.
[38;5;247m[38;5;247m
|==========================[ ECHO ]==========================|[38;5;247m[38;5;247m


[38;5;247m[38;5;247m  1.   |[38;5;247m[0;92mecho[38;5;247m|                                           [[0;92mOK[38;5;247m]
[38;5;247m  2.   |[38;5;247m[0;92mecho ñ[38;5;247m|                                         [[0;92mOK[38;5;247m]
[38;5;247m  3.   |[38;5;247m[0;92mecho hi[38;5;247m|                                        [[0;92mOK[38;5;247m]
[38;5;247m  4.   |[38;5;247m[0;92m/bin/echo hi[38;5;247m|                                   [[0;92mOK[38;5;247m]
[38;5;247m  5.   |[38;5;247m[0;92mecho $PATH[38;5;247m|                                     [[0;92mOK[38;5;247m]
[38;5;247m  6.   |[38;5;247m[0;92mecho $NONEXIST[38;5;247m|                                 [[0;92mOK[38;5;247m]
[38;5;247m  7.   |[38;5;247m[0;91mechoecho[38;5;247m|                                       [[0;91mK0[38;5;247m]
[38;5;247m  8.   |[38;5;247m[0;92mecho -n[38;5;247m|                                        [[0;92mOK[38;5;247m]
[38;5;247m  9.   |[38;5;247m[0;92mecho -n hi[38;5;247m|                                     [[0;92mOK[38;5;247m]
[38;5;247m  10.  |[38;5;247m[0;92mecho --n hi[38;5;247m|                                    [[0;92mOK[38;5;247m]
[38;5;247m  11.  |[38;5;247m[0;92mecho -nn hi[38;5;247m|                                    [[0;92mOK[38;5;247m]
[38;5;247m  12.  |[38;5;247m[0;92mecho -n -n hi[38;5;247m|                                  [[0;92mOK[38;5;247m]
[38;5;247m  13.  |[38;5;247m[0;92mecho hi -n[38;5;247m|                                     [[0;92mOK[38;5;247m]
[38;5;247m  14.  |[38;5;247m[0;92mecho "-n -n -n" -n hi[38;5;247m|                          [[0;92mOK[38;5;247m]
[38;5;247m  15.  |[38;5;247m[0;92mcheck if launch execve[38;5;247m|                         [[0;92mOK[38;5;247m]
[38;5;247m  16.  |[38;5;247m[0;91mcheck if builtin is not correct[38;5;247m|                [[0;91mK0[38;5;247m]
[38;5;247m  17.  |[38;5;247m[0;92mEXECVE THE ECHO?[38;5;247m|                               [[0;92mOK[38;5;247m]
[38;5;247m  18.  |[38;5;247m[0;91mnot builtin without PATH[38;5;247m|                       [[0;91mK0[38;5;247m]
[38;5;247m

  It seems that there are some tests that have not passed...

  To see full failure traces -> traces/echo_trace.txt

[38;5;247m
|=========================[ EXPORT ]=========================|[38;5;247m[38;5;247m


[38;5;247m[38;5;247m  19.  |[38;5;247m[0;91mexport 1A=value[38;5;247m|                                [[0;91mK0[38;5;247m]
[38;5;247m  20.  |[38;5;247m[0;91mexport /A=value[38;5;247m|                                [[0;91mK0[38;5;247m]
[38;5;247m  21.  |[38;5;247m[0;91mexport A/=value[38;5;247m|                                [[0;91mK0[38;5;247m]
[38;5;247m  22.  |[38;5;247m[0;92mexport 'A=value'[38;5;247m|                               [[0;92mOK[38;5;247m]
[38;5;247m  23.  |[38;5;247m[0;91mexport ' A=value'[38;5;247m|                              [[0;91mK0[38;5;247m]
[38;5;247m  24.  |[38;5;247m[0;91mexport 'A =value'[38;5;247m|                              [[0;91mK0[38;5;247m]
[38;5;247m  25.  |[38;5;247m[0;92mexport TEST=test[38;5;247m|                               [[0;92mOK[38;5;247m]
[38;5;247m  26.  |[38;5;247m[0;92mexport TEST=test TESTT=test2[38;5;247m|                   [[0;92mOK[38;5;247m]
[38;5;247m  27.  |[38;5;247m[0;91mexport TEST=test W:RON:G=wrong TESTT=test2[38;5;247m|     [[0;91mK0[38;5;247m]
[38;5;247m  28.  |[38;5;247m[0;91mexport EMPTY EMPTY_TOO= NOT_EMPTY=contnent[38;5;247m|     [[0;91mK0[38;5;247m]
[38;5;247m  29.  |[38;5;247m[0;92mexport TEST=value TEST=value2[38;5;247m|                  [[0;92mOK[38;5;247m]
[38;5;247m  30.  |[38;5;247m[0;91mexport TEST+=" added value"[38;5;247m|                    [[0;91mK0[38;5;247m]
[38;5;247m  31.  |[38;5;247m[0;92mexport existing variable[38;5;247m|                       [[0;92mOK[38;5;247m]
[38;5;247m  32.  |[38;5;247m[0;91mexport correct=correct wrong%=wrong[38;5;247m|            [[0;91mK0[38;5;247m]
[38;5;247m  33.  |[38;5;247m[0;91mexport wrong%=wrong correct=correct[38;5;247m|            [[0;91mK0[38;5;247m]
[38;5;247m  34.  |[38;5;247m[0;92m whoami[38;5;247m|                                        [[0;92mOK[38;5;247m]
[38;5;247m

  It seems that there are some tests that have not passed...

  To see full failure traces -> traces/export_trace.txt

[38;5;247m
|===========================[ ENV ]==========================|[38;5;247m[38;5;247m


[38;5;247m[38;5;247m  35.  |[38;5;247m[0;91menv with export TESTVAR[38;5;247m|                        [[0;91mK0[38;5;247m]
[38;5;247m  36.  |[38;5;247m[0;92menv with export TESTVAR=[38;5;247m|                       [[0;92mOK[38;5;247m]
[38;5;247m  37.  |[38;5;247m[0;92menv with export TESTVAR=""[38;5;247m|                     [[0;92mOK[38;5;247m]
[38;5;247m  38.  |[38;5;247m[0;92menv with export TESTVAR="value"[38;5;247m|                [[0;92mOK[38;5;247m]
[38;5;247m  39.  |[38;5;247m[0;91menv with export TESTVAR (in mini)[38;5;247m|              [[0;91mK0[38;5;247m]
[38;5;247m  40.  |[38;5;247m[0;92menv with export TESTVAR= (in mini)[38;5;247m|             [[0;92mOK[38;5;247m]
[38;5;247m  41.  |[38;5;247m[0;92menv with export TESTVAR="" (in mini)[38;5;247m|           [[0;92mOK[38;5;247m]
[38;5;247m  42.  |[38;5;247m[0;92menv with export TESTVAR"value" (in mini)[38;5;247m|       [[0;92mOK[38;5;247m]
[38;5;247m

  It seems that there are some tests that have not passed...

  To see full failure traces -> traces/env_trace.txt

[38;5;247m
|==========================[ EXIT ]==========================|[38;5;247m[38;5;247m


[38;5;247m[38;5;247m  43.  |[38;5;247m[0;92mexit[38;5;247m|                                           [[0;92mOK[38;5;247m]
[38;5;247m  44.  |[38;5;247m[0;91mexit ""[38;5;247m|                                        [[0;91mK0[38;5;247m]
[38;5;247m  45.  |[38;5;247m[0;92mexit " "[38;5;247m|                                       [[0;92mOK[38;5;247m]
[38;5;247m  46.  |[38;5;247m[0;92mexit "  "[38;5;247m|                                      [[0;92mOK[38;5;247m]
[38;5;247m  47.  |[38;5;247m[0;92mexit "	"[38;5;247m|                                       [[0;92mOK[38;5;247m]
[38;5;247m  48.  |[38;5;247m[0;92mexit 42network[38;5;247m|                                 [[0;92mOK[38;5;247m]
[38;5;247m  49.  |[38;5;247m[0;92mexit +[38;5;247m|                                         [[0;92mOK[38;5;247m]
[38;5;247m  50.  |[38;5;247m[0;92mexit ++[38;5;247m|                                        [[0;92mOK[38;5;247m]
[38;5;247m  51.  |[38;5;247m[0;92mexit -[38;5;247m|                                         [[0;92mOK[38;5;247m]
[38;5;247m  52.  |[38;5;247m[0;92mexit ---[38;5;247m|                                       [[0;92mOK[38;5;247m]
[38;5;247m  53.  |[38;5;247m[0;92mexit 0[38;5;247m|                                         [[0;92mOK[38;5;247m]
[38;5;247m  54.  |[38;5;247m[0;92mexit +0[38;5;247m|                                        [[0;92mOK[38;5;247m]
[38;5;247m  55.  |[38;5;247m[0;92mexit ++0[38;5;247m|                                       [[0;92mOK[38;5;247m]
[38;5;247m  56.  |[38;5;247m[0;92mexit -0[38;5;247m|                                        [[0;92mOK[38;5;247m]
[38;5;247m  57.  |[38;5;247m[0;92mexit --0[38;5;247m|                                       [[0;92mOK[38;5;247m]
[38;5;247m  58.  |[38;5;247m[0;92mexit 1[38;5;247m|                                         [[0;92mOK[38;5;247m]
[38;5;247m  59.  |[38;5;247m[0;92mexit +1[38;5;247m|                                        [[0;92mOK[38;5;247m]
[38;5;247m  60.  |[38;5;247m[0;92mexit ++1[38;5;247m|                                       [[0;92mOK[38;5;247m]
[38;5;247m  61.  |[38;5;247m[0;92mexit -1[38;5;247m|                                        [[0;92mOK[38;5;247m]
[38;5;247m  62.  |[38;5;247m[0;92mexit --1[38;5;247m|                                       [[0;92mOK[38;5;247m]
[38;5;247m  63.  |[38;5;247m[0;91mexit ' 3'[38;5;247m|                                      [[0;91mK0[38;5;247m]
[38;5;247m  64.  |[38;5;247m[0;91mexit '3 '[38;5;247m|                                      [[0;91mK0[38;5;247m]
[38;5;247m  65.  |[38;5;247m[0;92mexit 255[38;5;247m|                                       [[0;92mOK[38;5;247m]
[38;5;247m  66.  |[38;5;247m[0;92mexit -255[38;5;247m|                                      [[0;92mOK[38;5;247m]
[38;5;247m  67.  |[38;5;247m[0;92mexit 256[38;5;247m|                                       [[0;92mOK[38;5;247m]
[38;5;247m  68.  |[38;5;247m[0;92mexit -256[38;5;247m|                                      [[0;92mOK[38;5;247m]
[38;5;247m  69.  |[38;5;247m[0;92mexit 2147483647[38;5;247m|                                [[0;92mOK[38;5;247m]
[38;5;247m  70.  |[38;5;247m[0;92mexit 2147483648[38;5;247m|                                [[0;92mOK[38;5;247m]
[38;5;247m  71.  |[38;5;247m[0;92mexit -2147483648[38;5;247m|                               [[0;92mOK[38;5;247m]
[38;5;247m  72.  |[38;5;247m[0;92mexit -2147483649[38;5;247m|                               [[0;92mOK[38;5;247m]
[38;5;247m  73.  |[38;5;247m[0;92mexit 4294967295[38;5;247m|                                [[0;92mOK[38;5;247m]
[38;5;247m  74.  |[38;5;247m[0;92mexit 4294967296[38;5;247m|                                [[0;92mOK[38;5;247m]
[38;5;247m  75.  |[38;5;247m[0;92mexit -4294967296[38;5;247m|                               [[0;92mOK[38;5;247m]
[38;5;247m  76.  |[38;5;247m[0;92mexit -4294967297[38;5;247m|                               [[0;92mOK[38;5;247m]
[38;5;247m  77.  |[38;5;247m[0;92mexit 9223372036854775807[38;5;247m|                       [[0;92mOK[38;5;247m]
[38;5;247m  78.  |[38;5;247m[0;91mexit 9223372036854775808[38;5;247m|                       [[0;91mK0[38;5;247m]
[38;5;247m  79.  |[38;5;247m[0;92mexit -9223372036854775808[38;5;247m|                      [[0;92mOK[38;5;247m]
[38;5;247m  80.  |[38;5;247m[0;91mexit -9223372036854775809[38;5;247m|                      [[0;91mK0[38;5;247m]
[38;5;247m  81.  |[38;5;247m[0;91mexit 18446744073709551615[38;5;247m|                      [[0;91mK0[38;5;247m]
[38;5;247m  82.  |[38;5;247m[0;91mexit 18446744073709551616[38;5;247m|                      [[0;91mK0[38;5;247m]
[38;5;247m  83.  |[38;5;247m[0;91mexit -18446744073709551616[38;5;247m|                     [[0;91mK0[38;5;247m]
[38;5;247m  84.  |[38;5;247m[0;91mexit -18446744073709551617[38;5;247m|                     [[0;91mK0[38;5;247m]
[38;5;247m  85.  |[38;5;247m[0;91mexit 9999999999999999999999[38;5;247m|                    [[0;91mK0[38;5;247m]
[38;5;247m  86.  |[38;5;247m[0;92mexit 0000000000000000000000[38;5;247m|                    [[0;92mOK[38;5;247m]
[38;5;247m  87.  |[38;5;247m[0;92mexit 0000000000000000000001[38;5;247m|                    [[0;92mOK[38;5;247m]
[38;5;247m  88.  |[38;5;247m[0;91mexit 1 2 3[38;5;247m|                                     [[0;91mK0[38;5;247m]
[38;5;247m  89.  |[38;5;247m[0;92mecho should not exit[38;5;247m|                           [[0;92mOK[38;5;247m]
[38;5;247m  90.  |[38;5;247m[0;91mexit 1 not numeric bro[38;5;247m|                         [[0;91mK0[38;5;247m]
[38;5;247m  91.  |[38;5;247m[0;92mexit not numeric bro 2[38;5;247m|                         [[0;92mOK[38;5;247m]
[38;5;247m  92.  |[38;5;247m[0;92mexit 42 | cat[38;5;247m|                                  [[0;92mOK[38;5;247m]
[38;5;247m  93.  |[38;5;247m[0;92mecho is not a buildin![38;5;247m|                         [[0;92mOK[38;5;247m]
[38;5;247m  94.  |[38;5;247m[0;91mnot found then exit[38;5;247m|                            [[0;91mK0[38;5;247m]
[38;5;247m  95.  |[38;5;247m[0;92mnot found then exit 1[38;5;247m|                          [[0;92mOK[38;5;247m]
[38;5;247m  96.  |[38;5;247m[0;91mpermission deny then exit[38;5;247m|                      [[0;91mK0[38;5;247m]
[38;5;247m  97.  |[38;5;247m[0;92mpermission deny then exit 1[38;5;247m|                    [[0;92mOK[38;5;247m]
[38;5;247m

  It seems that there are some tests that have not passed...

  To see full failure traces -> traces/exit_trace.txt

[38;5;247m
|========================[ DIRECTORY ]=======================|[38;5;247m[38;5;247m


[38;5;247m[38;5;247m  98.  |[38;5;247m[0;92mpwd[38;5;247m|                                            [[0;92mOK[38;5;247m]
[38;5;247m  99.  |[38;5;247m[0;92mcd[38;5;247m|                                             [[0;92mOK[38;5;247m]
[38;5;247m  100. |[38;5;247m[0;91mcd ""[38;5;247m|                                          [[0;91mK0[38;5;247m]
[38;5;247m  101. |[38;5;247m[0;91mcd " "[38;5;247m|                                         [[0;91mK0[38;5;247m]
[38;5;247m  102. |[38;5;247m[0;91mcd "" ""[38;5;247m|                                       [[0;91mK0[38;5;247m]
[38;5;247m  103. |[38;5;247m[0;91mcd / non_existent[38;5;247m|                              [[0;91mK0[38;5;247m]
[38;5;247m  104. |[38;5;247m[0;92mcd /.[38;5;247m|                                          [[0;92mOK[38;5;247m]
[38;5;247m  105. |[38;5;247m[0;92mcd //[38;5;247m|                                          [[0;92mOK[38;5;247m]
[38;5;247m  106. |[38;5;247m[0;91mcd ' / '[38;5;247m|                                       [[0;91mK0[38;5;247m]
[38;5;247m  107. |[38;5;247m[0;92mpwd[38;5;247m|                                            [[0;92mOK[38;5;247m]
[38;5;247m  108. |[38;5;247m[0;92mpwd argument[38;5;247m|                                   [[0;92mOK[38;5;247m]
[38;5;247m  109. |[38;5;247m[0;92mpwd argument1 argument2[38;5;247m|                        [[0;92mOK[38;5;247m]
[38;5;247m  110. |[38;5;247m[0;91mcd file[38;5;247m|                                        [[0;91mK0[38;5;247m]
[38;5;247m  111. |[38;5;247m[0;91mcd file (no permission)[38;5;247m|                        [[0;91mK0[38;5;247m]
[38;5;247m  112. |[38;5;247m[0;91mcd file/non_existent[38;5;247m|                           [[0;91mK0[38;5;247m]
[38;5;247m  113. |[38;5;247m[0;91mcd non_exist[38;5;247m|                                   [[0;91mK0[38;5;247m]
[38;5;247m  114. |[38;5;247m[0;92mcd ..[38;5;247m|                                          [[0;92mOK[38;5;247m]
[38;5;247m  115. |[38;5;247m[0;91mcd ~[38;5;247m|                                           [[0;91mK0[38;5;247m]
[38;5;247m  116. |[38;5;247m[0;91mcd ~[38;5;247m|                                           [[0;91mK0[38;5;247m]
[38;5;247m  117. |[38;5;247m[0;92mcd .[38;5;247m|                                           [[0;92mOK[38;5;247m]
[38;5;247m  118. |[38;5;247m[0;91mcd testdirtest(no permision)[38;5;247m|                   [[0;91mK0[38;5;247m]
[38;5;247m  119. |[38;5;247m[0;91mcd maxpathlen[38;5;247m|                                  [[0;91mK0[38;5;247m]
[38;5;247m  120. |[38;5;247m[0;91mcd maxpathlen + 1[38;5;247m|                              [[0;91mK0[38;5;247m]
[38;5;247m

  It seems that there are some tests that have not passed...

  To see full failure traces -> traces/directory_trace.txt

[38;5;247m
|=========================[ PARSER ]=========================|[38;5;247m

    ----------------------[ dollar ]---------------------

[38;5;247m  121. |[38;5;247m[0;92mecho $?[38;5;247m|                                        [[0;92mOK[38;5;247m]
[38;5;247m  122. |[38;5;247m[0;92mecho $[38;5;247m|                                         [[0;92mOK[38;5;247m]
[38;5;247m  123. |[38;5;247m[0;92mecho hi$[38;5;247m|                                       [[0;92mOK[38;5;247m]
[38;5;247m  124. |[38;5;247m[0;92mecho '$ '[38;5;247m|                                      [[0;92mOK[38;5;247m]
[38;5;247m  125. |[38;5;247m[0;92mecho $/[38;5;247m|                                        [[0;92mOK[38;5;247m]
[38;5;247m  126. |[38;5;247m[0;92mecho "'$'"[38;5;247m|                                     [[0;92mOK[38;5;247m]
[38;5;247m  127. |[38;5;247m[0;91mecho $'\n'[38;5;247m|                                     [[0;91mK0[38;5;247m]
[38;5;247m  128. |[38;5;247m[0;91mecho $'\r'[38;5;247m|                                     [[0;91mK0[38;5;247m]
[38;5;247m  129. |[38;5;247m[0;91mecho $'\t'[38;5;247m|                                     [[0;91mK0[38;5;247m]
[38;5;247m  130. |[38;5;247m[0;92mecho $USER[38;5;247m|                                     [[0;92mOK[38;5;247m]
[38;5;247m  131. |[38;5;247m[0;92mecho $NONEXIST[38;5;247m|                                 [[0;92mOK[38;5;247m]
[38;5;247m  132. |[38;5;247m[0;92mecho $USER$PATH$PWD[38;5;247m|                            [[0;92mOK[38;5;247m]
[38;5;247m  133. |[38;5;247m[0;92mecho "$USER$PATH$PWD"[38;5;247m|                          [[0;92mOK[38;5;247m]
[38;5;247m  134. |[38;5;247m[0;92mecho '$USER$PATH$PWD'[38;5;247m|                          [[0;92mOK[38;5;247m]
[38;5;247m  135. |[38;5;247m[0;92mecho '$USER",$PATH,$PWD'[38;5;247m|                       [[0;92mOK[38;5;247m]
[38;5;247m  136. |[38;5;247m[0;92mecho $USER"$PATH"$PWD"USER"$PATH"$PWD"[38;5;247m|         [[0;92mOK[38;5;247m]
[38;5;247m  137. |[38;5;247m[0;92mecho $USER'$PATH'$PWD'USER'$PATH'$PWD'[38;5;247m|         [[0;92mOK[38;5;247m]
[38;5;247m  138. |[38;5;247m[0;92m$NONEXIST[38;5;247m|                                      [[0;92mOK[38;5;247m]
[38;5;247m  139. |[38;5;247m[0;92m$NONEXIST $NONEXIST[38;5;247m|                            [[0;92mOK[38;5;247m]
[38;5;247m  140. |[38;5;247m[0;92mVAR: export TMPENVVAR[38;5;247m|                          [[0;92mOK[38;5;247m]
[38;5;247m  141. |[38;5;247m[0;92mVAR: export TMPENVVAR=echo[38;5;247m|                     [[0;92mOK[38;5;247m]
[38;5;247m  142. |[38;5;247m[0;91mVAR: export TMPENVVAR="  echo"[38;5;247m|                 [[0;91mK0[38;5;247m]
[38;5;247m  143. |[38;5;247m[0;91mVAR: export TMPENVVAR="    EcHO   hi"[38;5;247m|          [[0;91mK0[38;5;247m]
[38;5;247m  144. |[38;5;247m[0;92mVAR: export TMPENVVAR="-n"[38;5;247m|                     [[0;92mOK[38;5;247m]
[38;5;247m  145. |[38;5;247m[0;91mVAR: export TMPENVVAR="-n -n"[38;5;247m|                  [[0;91mK0[38;5;247m]
[38;5;247m  146. |[38;5;247m[0;92mecho $A"$B"$C"A"$B"$C"[38;5;247m|                         [[0;92mOK[38;5;247m]
[38;5;247m  147. |[38;5;247m[0;92mecho $A'$B'$C'A'$B'$C'[38;5;247m|                         [[0;92mOK[38;5;247m]
[38;5;247m  148. |[38;5;247m[0;92mecho $A"$B"$C"A"$B"$C"[38;5;247m|                         [[0;92mOK[38;5;247m]
[38;5;247m  149. |[38;5;247m[0;92mecho $A'$B'$C'A'$B'$C'[38;5;247m|                         [[0;92mOK[38;5;247m]
[38;5;247m  150. |[38;5;247m[0;91mecho $A[38;5;247m|                                        [[0;91mK0[38;5;247m]
[38;5;247m  151. |[38;5;247m[0;91mecho $A$B[38;5;247m|                                      [[0;91mK0[38;5;247m]
[38;5;247m  152. |[38;5;247m[0;91mecho $A$B$C[38;5;247m|                                    [[0;91mK0[38;5;247m]
[38;5;247m  153. |[38;5;247m[0;91mecho $A$B$C$AA[38;5;247m|                                 [[0;91mK0[38;5;247m]

    ----------------------[ quotes ]---------------------

[38;5;247m  154. |[38;5;247m[0;92mecho "~"ups[38;5;247m|                                    [[0;92mOK[38;5;247m]
[38;5;247m  155. |[38;5;247m[0;92mecho '~'ups[38;5;247m|                                    [[0;92mOK[38;5;247m]
[38;5;247m  156. |[38;5;247m[0;92mecho "'$'"[38;5;247m|                                     [[0;92mOK[38;5;247m]
[38;5;247m  157. |[38;5;247m[0;92mecho '"$"'[38;5;247m|                                     [[0;92mOK[38;5;247m]
[38;5;247m  158. |[38;5;247m[0;92mecho "|$USER|"[38;5;247m|                                 [[0;92mOK[38;5;247m]
[38;5;247m  159. |[38;5;247m[0;92mecho "|$USE|"[38;5;247m|                                  [[0;92mOK[38;5;247m]
[38;5;247m  160. |[38;5;247m[0;92mecho "|$USER_|"[38;5;247m|                                [[0;92mOK[38;5;247m]
[38;5;247m  161. |[38;5;247m[0;92mecho '|$USER|'[38;5;247m|                                 [[0;92mOK[38;5;247m]
[38;5;247m  162. |[38;5;247m[0;92mecho '|$USE|'[38;5;247m|                                  [[0;92mOK[38;5;247m]
[38;5;247m  163. |[38;5;247m[0;92mecho '|$USER_|'[38;5;247m|                                [[0;92mOK[38;5;247m]
[38;5;247m  164. |[38;5;247m[0;92m'echo' hi[38;5;247m|                                      [[0;92mOK[38;5;247m]
[38;5;247m  165. |[38;5;247m[0;92m'''echo' hi[38;5;247m|                                    [[0;92mOK[38;5;247m]
[38;5;247m  166. |[38;5;247m[0;92m'echo' 'hi'[38;5;247m|                                    [[0;92mOK[38;5;247m]
[38;5;247m  167. |[38;5;247m[0;92m'echo' 'hi'''[38;5;247m|                                  [[0;92mOK[38;5;247m]
[38;5;247m  168. |[38;5;247m[0;91m'echo' 'hi' ''[38;5;247m|                                 [[0;91mK0[38;5;247m]
[38;5;247m  169. |[38;5;247m[0;92m"echo" hi[38;5;247m|                                      [[0;92mOK[38;5;247m]
[38;5;247m  170. |[38;5;247m[0;92m"""echo" hi[38;5;247m|                                    [[0;92mOK[38;5;247m]
[38;5;247m  171. |[38;5;247m[0;92m"echo" "hi"[38;5;247m|                                    [[0;92mOK[38;5;247m]
[38;5;247m  172. |[38;5;247m[0;92m"echo" "hi"""[38;5;247m|                                  [[0;92mOK[38;5;247m]
[38;5;247m  173. |[38;5;247m[0;91m"echo" "hi" ""[38;5;247m|                                 [[0;91mK0[38;5;247m]
[38;5;247m  174. |[38;5;247m[0;92mecho '""""""""""""'[38;5;247m|                            [[0;92mOK[38;5;247m]
[38;5;247m  175. |[38;5;247m[0;91m'echo' "hi"'' " ' "' "' "" ''''''""[38;5;247m|            [[0;91mK0[38;5;247m]
[38;5;247m  176. |[38;5;247m[0;92mecho hi"hi" hi'h"i'[38;5;247m|                            [[0;92mOK[38;5;247m]
[38;5;247m  177. |[38;5;247m[0;92mecho "hi" "hi"[38;5;247m|                                 [[0;92mOK[38;5;247m]
[38;5;247m  178. |[38;5;247m[0;92mecho "hi"  "hi"[38;5;247m|                                [[0;92mOK[38;5;247m]
[38;5;247m  179. |[38;5;247m[0;92mecho "hi"tab"hi"[38;5;247m|                               [[0;92mOK[38;5;247m]
[38;5;247m  180. |[38;5;247m[0;91m" echo"[38;5;247m|                                        [[0;91mK0[38;5;247m]
[38;5;247m  181. |[38;5;247m[0;91m' echo'[38;5;247m|                                        [[0;91mK0[38;5;247m]
[38;5;247m  182. |[38;5;247m[0;92m""echo[38;5;247m|                                         [[0;92mOK[38;5;247m]
[38;5;247m  183. |[38;5;247m[0;91m" "echo[38;5;247m|                                        [[0;91mK0[38;5;247m]
[38;5;247m  184. |[38;5;247m[0;92m''echo[38;5;247m|                                         [[0;92mOK[38;5;247m]
[38;5;247m  185. |[38;5;247m[0;91m' 'echo[38;5;247m|                                        [[0;91mK0[38;5;247m]
[38;5;247m  186. |[38;5;247m[0;92m''''''''''echo hi[38;5;247m|                              [[0;92mOK[38;5;247m]
[38;5;247m  187. |[38;5;247m[0;92m""""""""""echo hi[38;5;247m|                              [[0;92mOK[38;5;247m]
[38;5;247m  188. |[38;5;247m[0;92m"e"'c'h"o" hi[38;5;247m|                                  [[0;92mOK[38;5;247m]
[38;5;247m  189. |[38;5;247m[0;92mec""ho hi[38;5;247m|                                      [[0;92mOK[38;5;247m]
[38;5;247m  190. |[38;5;247m[0;92mec""h''o hi[38;5;247m|                                    [[0;92mOK[38;5;247m]
[38;5;247m  191. |[38;5;247m[0;91mEcHo hi[38;5;247m|                                        [[0;91mK0[38;5;247m]
[38;5;247m  192. |[38;5;247m[0;91mECHO hi[38;5;247m|                                        [[0;91mK0[38;5;247m]
[38;5;247m  193. |[38;5;247m[0;91m"ECHO" hi[38;5;247m|                                      [[0;91mK0[38;5;247m]
[38;5;247m  194. |[38;5;247m[0;91m'ECHO' hi[38;5;247m|                                      [[0;91mK0[38;5;247m]
[38;5;247m  195. |[38;5;247m[0;92mecho    t  hi   t[38;5;247m|                              [[0;92mOK[38;5;247m]
[38;5;247m  196. |[38;5;247m[0;92mecho "   t  hi   t    "[38;5;247m|                        [[0;92mOK[38;5;247m]
[38;5;247m  197. |[38;5;247m[0;92mecho '   t  hi   t    '[38;5;247m|                        [[0;92mOK[38;5;247m]
[38;5;247m  198. |[38;5;247m[0;91mecho $"   t  hi   t    "[38;5;247m|                       [[0;91mK0[38;5;247m]
[38;5;247m  199. |[38;5;247m[0;91mecho $'   t  hi   t    '[38;5;247m|                       [[0;91mK0[38;5;247m]
[38;5;247m  200. |[38;5;247m[0;91mecho $'   r  hi   t    '[38;5;247m|                       [[0;91mK0[38;5;247m]
[38;5;247m  201. |[38;5;247m[0;91mecho hi > "fi le"[38;5;247m|                              [[0;91mK0[38;5;247m]
[38;5;247m  202. |[38;5;247m[0;91mecho hi > 'fi le'[38;5;247m|                              [[0;91mK0[38;5;247m]
[38;5;247m  203. |[38;5;247m[0;91mecho $ANA_VAR with spaces in var value[38;5;247m|         [[0;91mK0[38;5;247m]
[38;5;247m  204. |[38;5;247m[0;92mecho "$ANA_VAR" with spaces in var value[38;5;247m|       [[0;92mOK[38;5;247m]
[38;5;247m  205. |[38;5;247m[0;92mecho '$ANA_VAR' with spaces in var value[38;5;247m|       [[0;92mOK[38;5;247m]

    ----------------------[ spaces ]---------------------

[38;5;247m  206. |[38;5;247m[0;91m""[38;5;247m|                                             [[0;91mK0[38;5;247m]
[38;5;247m  207. |[38;5;247m[0;91m" "[38;5;247m|                                            [[0;91mK0[38;5;247m]
[38;5;247m  208. |[38;5;247m[0;92m\techo hi[38;5;247m|                                      [[0;92mOK[38;5;247m]
[38;5;247m  209. |[38;5;247m[0;92mecho\thi[38;5;247m|                                       [[0;92mOK[38;5;247m]
[38;5;247m  210. |[38;5;247m[0;92m\techo\thi[38;5;247m|                                     [[0;92mOK[38;5;247m]
[38;5;247m  211. |[38;5;247m[0;92m\techo\thi[38;5;247m|                                     [[0;92mOK[38;5;247m]
[38;5;247m  212. |[38;5;247m[0;92m  \techo\thi[38;5;247m|                                   [[0;92mOK[38;5;247m]
[38;5;247m  213. |[38;5;247m[0;92m\techo\t   hi[38;5;247m|                                  [[0;92mOK[38;5;247m]
[38;5;247m  214. |[38;5;247m[0;92mmany tabs[38;5;247m|                                      [[0;92mOK[38;5;247m]
[38;5;247m  215. |[38;5;247m[0;92mmany spaces[38;5;247m|                                    [[0;92mOK[38;5;247m]

    -----------------------[ tilde ]---------------------

[38;5;247m  216. |[38;5;247m[0;91m~[38;5;247m|                                              [[0;91mK0[38;5;247m]
[38;5;247m  217. |[38;5;247m[0;92mecho hi~[38;5;247m|                                       [[0;92mOK[38;5;247m]
[38;5;247m  218. |[38;5;247m[0;91mecho ~[38;5;247m|                                         [[0;91mK0[38;5;247m]
[38;5;247m  219. |[38;5;247m[0;91mecho ~/path[38;5;247m|                                    [[0;91mK0[38;5;247m]
[38;5;247m  220. |[38;5;247m[0;92mecho ~$USER[38;5;247m|                                    [[0;92mOK[38;5;247m]
[38;5;247m  221. |[38;5;247m[0;92mecho ~false[38;5;247m|                                    [[0;92mOK[38;5;247m]
[38;5;247m  222. |[38;5;247m[0;91mecho ~[38;5;247m|                                         [[0;91mK0[38;5;247m]
[38;5;247m  223. |[38;5;247m[0;92mecho ~$USER/sdfsfsfdsfs[38;5;247m|                        [[0;92mOK[38;5;247m]
[38;5;247m  224. |[38;5;247m[0;91m echo ~[38;5;247m|                                        [[0;91mK0[38;5;247m]

    -------------------[ syntax_error ]------------------

[38;5;247m  225. |[38;5;247m[0;91mtest[38;5;247m|                                           [[0;91mK0[38;5;247m]
[38;5;247m  226. |[38;5;247m[0;91m|test[38;5;247m|                                          [[0;91mK0[38;5;247m]
[38;5;247m  227. |[38;5;247m[0;91m| test[38;5;247m|                                         [[0;91mK0[38;5;247m]
